{"filter":false,"title":"lambda.test.ts.snap","tooltip":"/main-workshop/test/__snapshots__/lambda.test.ts.snap","undoManager":{"mark":-1,"position":-1,"stack":[]},"ace":{"folds":[],"scrolltop":300,"scrollleft":0,"selection":{"start":{"row":0,"column":0},"end":{"row":0,"column":0},"isBackwards":false},"options":{"guessTabSize":true,"useWrapMode":false,"wrapToView":true},"firstLineState":0},"timestamp":1709232586180,"hash":"0e00b96d738aef445101059a67915cd6b72f97b4"}